MariaDB [examc0702567]> USE examc0702567
Database changed
MariaDB [examc0702567]> SELECT b.shipment_id,b.date,b.manager,b.planet FROM shipment as b INNER JOIN empolyee as a.employeeid=b.manager WHERE a.name='Turanga leela' from employee; 
ERROR 1064 (42000): You have an error in your SQL syntax; check the manual that corresponds to your MariaDB server version for the right syntax to use near '.employeeid=b.manager WHERE a.name='Turanga leela' from employee' at line 1
MariaDB [examc0702567]> SELECT b.shipment_id,b.date,b.manager,b.planet FROM shipment as b INNER JOIN empolyee as a.employeeid=b.manager WHERE a.name='Turanga leela' from employee; 
ERROR 1064 (42000): You have an error in your SQL syntax; check the manual that corresponds to your MariaDB server version for the right syntax to use near '.employeeid=b.manager WHERE a.name='Turanga leela' from employee' at line 1
MariaDB [examc0702567]> SELECT b.shipment_id,b.date,b.manager,b.planet FROM shipment as b INNER JOIN empolyee as a.employeeid=b.manager WHERE a.name='Turanga Leela' from employee; 
ERROR 1064 (42000): You have an error in your SQL syntax; check the manual that corresponds to your MariaDB server version for the right syntax to use near '.employeeid=b.manager WHERE a.name='Turanga Leela' from employee' at line 1
MariaDB [examc0702567]> SELECT b.shipment_id,b.date,b.manager,b.planet FROM shipment as b INNER JOIN empolyee as a.employeeid=b.manager WHERE a.name='Turanga Leela';
ERROR 1064 (42000): You have an error in your SQL syntax; check the manual that corresponds to your MariaDB server version for the right syntax to use near '.employeeid=b.manager WHERE a.name='Turanga Leela'' at line 1
MariaDB [examc0702567]> SELECT b.shipment_id,b.date,b.manager,b.planet FROM shipment as b INNER JOIN empolyee as a.employeeid=b.manager WHERE a.name='Turanga Leela' from employee; 
ERROR 1064 (42000): You have an error in your SQL syntax; check the manual that corresponds to your MariaDB server version for the right syntax to use near '.employeeid=b.manager WHERE a.name='Turanga Leela' from employee' at line 1
MariaDB [examc0702567]> SELECT * FROM  planet;
+----------+------------------+------------------+
| planetid | name             | coordinates      |
+----------+------------------+------------------+
|        1 | Omicron Persei 8 | 89475345.3545    |
|        2 | Decapod X        | 65498463216.3466 |
|        3 | Mars             | 32435021.65468   |
|        4 | Omega III        | 98432121.5464    |
|        5 | Tarantulon VI    | 849842198.354654 |
|        6 | Cannibalon       | 654321987.21654  |
|        7 | DogDoo VII       | 65498721354.688  |
|        8 | Nintenduu 64     | 6543219894.1654  |
|        9 | Amazonia         | 65432135979.6547 |
+----------+------------------+------------------+
9 rows in set (0.00 sec)

MariaDB [examc0702567]> SELECT * FROM  employee;
+------------+--------------------------+--------------+--------+--------------------------------+
| employeeid | name                     | position     | salary | remark                         |
+------------+--------------------------+--------------+--------+--------------------------------+
|          1 | Phillip J. Fry           | Delivery boy |   7500 | Not to be confused with the Ph |
|          2 | Turanga Leela            | Captain      |  10000 | NULL                           |
|          3 | Bender Bending Rodriguez | Robot        |   7500 | NULL                           |
|          4 | Hubert J. Farnsworth     | CEO          |  20000 | NULL                           |
|          5 | John A. Zoidberg         | Physician    |     25 | NULL                           |
|          6 | Amy Wong                 | Intern       |   5000 | NULL                           |
|          7 | Hermes Conrad            | Bureaucrat   |  10000 | NULL                           |
|          8 | Scruffy Scruffington     | Janitor      |   5000 | NULL                           |
+------------+--------------------------+--------------+--------+--------------------------------+
8 rows in set (0.00 sec)

MariaDB [examc0702567]> SELECT * FROM SHIPMENT;
+-------------+------------+---------+--------+
| shipment_id | date       | manager | planet |
+-------------+------------+---------+--------+
|           1 | 3004-05-11 |       1 |      1 |
|           2 | 3004-05-11 |       1 |      2 |
|           3 | NULL       |       2 |      3 |
|           4 | NULL       |       2 |      4 |
|           5 | NULL       |       7 |      5 |
+-------------+------------+---------+--------+
5 rows in set (0.00 sec)

MariaDB [examc0702567]> UPDATE  shipment SET date="3004-05-11"  WHERE  date='NULL';
Query OK, 0 rows affected, 1 warning (0.00 sec)
Rows matched: 0  Changed: 0  Warnings: 1

MariaDB [examc0702567]> SELECT * FROM shipment;
+-------------+------------+---------+--------+
| shipment_id | date       | manager | planet |
+-------------+------------+---------+--------+
|           1 | 3004-05-11 |       1 |      1 |
|           2 | 3004-05-11 |       1 |      2 |
|           3 | NULL       |       2 |      3 |
|           4 | NULL       |       2 |      4 |
|           5 | NULL       |       7 |      5 |
+-------------+------------+---------+--------+
5 rows in set (0.00 sec)

MariaDB [examc0702567]> UPDATE  shipment SET date="3004-05-11";
Query OK, 3 rows affected (0.08 sec)
Rows matched: 5  Changed: 3  Warnings: 0

MariaDB [examc0702567]> SELECT * FROM shipment;
+-------------+------------+---------+--------+
| shipment_id | date       | manager | planet |
+-------------+------------+---------+--------+
|           1 | 3004-05-11 |       1 |      1 |
|           2 | 3004-05-11 |       1 |      2 |
|           3 | 3004-05-11 |       2 |      3 |
|           4 | 3004-05-11 |       2 |      4 |
|           5 | 3004-05-11 |       7 |      5 |
+-------------+------------+---------+--------+
5 rows in set (0.00 sec)

MariaDB [examc0702567]> SELECT CONCAT(name,'is',position ,'and',salary);
ERROR 1054 (42S22): Unknown column 'name' in 'field list'
MariaDB [examc0702567]> SELECT  name,position ,salary CONCAT('is,'and') from employee;
    '> ;
    '> SELECT CONCAT(name,'is',position ,'and',salary);
    '> ;;
    '> 
    '> 
    '> 
    '> MariaDB [(none)]> USE examc0702567
Database changed
MariaDB [examc0702567]> SELECT * FROM employee;
+------------+--------------------------+--------------+--------+--------------------------------+
| employeeid | name                     | position     | salary | remark                         |
+------------+--------------------------+--------------+--------+--------------------------------+
|          1 | Phillip J. Fry           | Delivery boy |   7500 | Not to be confused with the Ph |
|          2 | Turanga Leela            | Captain      |  10000 | NULL                           |
|          3 | Bender Bending Rodriguez | Robot        |   7500 | NULL                           |
|          4 | Hubert J. Farnsworth     | CEO          |  20000 | NULL                           |
|          5 | John A. Zoidberg         | Physician    |     25 | NULL                           |
|          6 | Amy Wong                 | Intern       |   5000 | NULL                           |
|          7 | Hermes Conrad            | Bureaucrat   |  10000 | NULL                           |
|          8 | Scruffy Scruffington     | Janitor      |   5000 | NULL                           |
+------------+--------------------------+--------------+--------+--------------------------------+
8 rows in set (0.00 sec)

MariaDB [examc0702567]> UPDATE employee SET ="successfull" where remark is NULL;
ERROR 1064 (42000): You have an error in your SQL syntax; check the manual that corresponds to your MariaDB server version for the right syntax to use near '="successfull" where remark is NULL' at line 1
MariaDB [examc0702567]> UPDATE employee SET remark ="successfull" where remark is NULL;
Query OK, 7 rows affected (0.06 sec)
Rows matched: 7  Changed: 7  Warnings: 0

MariaDB [examc0702567]> SELECT * FROM employee;
+------------+--------------------------+--------------+--------+--------------------------------+
| employeeid | name                     | position     | salary | remark                         |
+------------+--------------------------+--------------+--------+--------------------------------+
|          1 | Phillip J. Fry           | Delivery boy |   7500 | Not to be confused with the Ph |
|          2 | Turanga Leela            | Captain      |  10000 | successfull                    |
|          3 | Bender Bending Rodriguez | Robot        |   7500 | successfull                    |
|          4 | Hubert J. Farnsworth     | CEO          |  20000 | successfull                    |
|          5 | John A. Zoidberg         | Physician    |     25 | successfull                    |
|          6 | Amy Wong                 | Intern       |   5000 | successfull                    |
|          7 | Hermes Conrad            | Bureaucrat   |  10000 | successfull                    |
|          8 | Scruffy Scruffington     | Janitor      |   5000 | successfull                    |
+------------+--------------------------+--------------+--------+--------------------------------+
8 rows in set (0.00 sec)

MariaDB [examc0702567]> SELECT CONCAT(name,position,salary) FROM salary;
ERROR 1146 (42S02): Table 'examc0702567.salary' doesn't exist
MariaDB [examc0702567]> SELECT CONCAT(name,position,salary) FROM employee;
+-----------------------------------+
| CONCAT(name,position,salary)      |
+-----------------------------------+
| Phillip J. FryDelivery boy7500    |
| Turanga LeelaCaptain10000         |
| Bender Bending RodriguezRobot7500 |
| Hubert J. FarnsworthCEO20000      |
| John A. ZoidbergPhysician25       |
| Amy WongIntern5000                |
| Hermes ConradBureaucrat10000      |
| Scruffy ScruffingtonJanitor5000   |
+-----------------------------------+
8 rows in set (0.00 sec)

MariaDB [examc0702567]> SELECT CONCAT(name,'is',position,'and earn',salary) FROM employee;
+----------------------------------------------+
| CONCAT(name,'is',position,'and earn',salary) |
+----------------------------------------------+
| Phillip J. FryisDelivery boyand earn7500     |
| Turanga LeelaisCaptainand earn10000          |
| Bender Bending RodriguezisRobotand earn7500  |
| Hubert J. FarnsworthisCEOand earn20000       |
| John A. ZoidbergisPhysicianand earn25        |
| Amy WongisInternand earn5000                 |
| Hermes ConradisBureaucratand earn10000       |
| Scruffy ScruffingtonisJanitorand earn5000    |
+----------------------------------------------+
8 rows in set (0.00 sec)

MariaDB [examc0702567]> SELECT CONCAT(name,'is',position,'and earn',salary,'/month')  WHERE employeeid=1 FROM employee;
ERROR 1064 (42000): You have an error in your SQL syntax; check the manual that corresponds to your MariaDB server version for the right syntax to use near 'WHERE employeeid=1 FROM employee' at line 1
MariaDB [examc0702567]> SELECT CONCAT(name,'is',position,'and earn',salary,'/month')  from empolyee WHERE employeeid=1;
ERROR 1146 (42S02): Table 'examc0702567.empolyee' doesn't exist
MariaDB [examc0702567]> SELECT CONCAT(name,'is',position,'and earn',salary,'/month')  from employee;
+-------------------------------------------------------+
| CONCAT(name,'is',position,'and earn',salary,'/month') |
+-------------------------------------------------------+
| Phillip J. FryisDelivery boyand earn7500/month        |
| Turanga LeelaisCaptainand earn10000/month             |
| Bender Bending RodriguezisRobotand earn7500/month     |
| Hubert J. FarnsworthisCEOand earn20000/month          |
| John A. ZoidbergisPhysicianand earn25/month           |
| Amy WongisInternand earn5000/month                    |
| Hermes ConradisBureaucratand earn10000/month          |
| Scruffy ScruffingtonisJanitorand earn5000/month       |
+-------------------------------------------------------+
8 rows in set (0.00 sec)

MariaDB [examc0702567]> CREATE VIEW v1 as SELECT a.name,b.* FROM shipment AS b INNER JOIN employee AS a on a.employeeid = b.manager WHERE a.name = 'Turanga Leela;
    '> 
    '> ;
    '> ;;;;
    '> MariaDB [(none)]> USE examc0702567
Database changed
MariaDB [examc0702567]> CREATE VIEW v1 as SELECT a.name,b.* FROM shipment AS b INNER JOIN employee AS a on a.employeeid = b.manager WHERE a.name = 'Turanga Leela';
Query OK, 0 rows affected (0.03 sec)

MariaDB [examc0702567]> select * from v1;
+---------------+-------------+------------+---------+--------+
| name          | shipment_id | date       | manager | planet |
+---------------+-------------+------------+---------+--------+
| Turanga Leela |           3 | 3004-05-11 |       2 |      3 |
| Turanga Leela |           4 | 3004-05-11 |       2 |      4 |
+---------------+-------------+------------+---------+--------+
2 rows in set (0.00 sec)

MariaDB [examc0702567]> CREATE VIEW v2 as SELECT b.* FROM package as b INNER JOIN client ON client.accountnumber = b.recipient WHERE b.recipient IN(1,5,6);
Query OK, 0 rows affected (0.08 sec)

MariaDB [examc0702567]> select * from v2;
+----------+---------------+------------+--------+--------+-----------+
| shipment | packagenumber | contents   | weight | sender | recipient |
+----------+---------------+------------+--------+--------+-----------+
|        3 |             2 | Undeclared |      3 |      5 |         1 |
|        4 |             1 | Undeclared |      5 |      4 |         5 |
|        5 |             1 | Undeclared |    100 |      5 |         1 |
+----------+---------------+------------+--------+--------+-----------+
3 rows in set (0.05 sec)

MariaDB [examc0702567]> CREATE VIEW v9 as SELECT CONCAT(name,' is ',position,' earns $',salary,'/month') as EmployeeDetail FROM employee;
Query OK, 0 rows affected (0.05 sec)

MariaDB [examc0702567]> SELECT * from  v9;
+-----------------------------------------------------+
| EmployeeDetail                                      |
+-----------------------------------------------------+
| Phillip J. Fry is Delivery boy earns $7500/month    |
| Turanga Leela is Captain earns $10000/month         |
| Bender Bending Rodriguez is Robot earns $7500/month |
| Hubert J. Farnsworth is CEO earns $20000/month      |
| John A. Zoidberg is Physician earns $25/month       |
| Amy Wong is Intern earns $5000/month                |
| Hermes Conrad is Bureaucrat earns $10000/month      |
| Scruffy Scruffington is Janitor earns $5000/month   |
+-----------------------------------------------------+
8 rows in set (0.00 sec)

MariaDB [examc0702567]> CREATE VIEW Q7 AS SELECT CONCAT('$', FORMAT(salary,2)) AS Salary from employee;
Query OK, 0 rows affected (0.06 sec)

MariaDB [examc0702567]> SELECT * from  Q7;
+------------+
| Salary     |
+------------+
| $7,500.00  |
| $10,000.00 |
| $7,500.00  |
| $20,000.00 |
| $25.00     |
| $5,000.00  |
| $10,000.00 |
| $5,000.00  |
+------------+
8 rows in set (0.00 sec)

MariaDB [examc0702567]> CREATE VIEW Q3 as SELECT a.name AS Employee, c.name AS Planet FROM employee AS a INNER JOIN has_clearance AS b ON a.employeeID = b.employee INNER JOIN planet AS c ON c.planetID = b.planet;
Query OK, 0 rows affected (0.06 sec)

MariaDB [examc0702567]> SELECT * from  Q3;
+--------------------------+------------------+
| Employee                 | Planet           |
+--------------------------+------------------+
| Phillip J. Fry           | Omicron Persei 8 |
| Phillip J. Fry           | Decapod X        |
| Turanga Leela            | Mars             |
| Turanga Leela            | Omega III        |
| Bender Bending Rodriguez | Tarantulon VI    |
| Bender Bending Rodriguez | Cannibalon       |
| Hubert J. Farnsworth     | DogDoo VII       |
+--------------------------+------------------+
7 rows in set (0.00 sec)

MariaDB [examc0702567]> CREATE VIEW Q6 as SELECT DISTINCT a.name FROM client as a INNER JOIN package as b on b.sender = a.accountnumber INNER JOIN package as c on c.recipient = a.accountnumber where c.contents = 'undeclared';
Query OK, 0 rows affected (0.05 sec)

MariaDB [examc0702567]> SELECT * from  Q6;
+-----------------+
| name            |
+-----------------+
| Al Gore's Head  |
| Barbados Slim   |
| Ogden Wernstrom |
| Zapp Brannigan  |
| Leo Wong        |
+-----------------+
5 rows in set (0.00 sec)

